../Core/Src/main.c:161:5:main	16	static
../Core/Src/main.c:277:6:SystemClock_Config	88	static
../Core/Src/main.c:321:13:MX_ADC1_Init	24	static
../Core/Src/main.c:377:13:MX_TIM2_Init	32	static
../Core/Src/main.c:422:13:MX_TIM3_Init	64	static
../Core/Src/main.c:480:13:MX_USART2_UART_Init	8	static
../Core/Src/main.c:511:13:MX_DMA_Init	16	static
../Core/Src/main.c:529:13:MX_GPIO_Init	40	static
../Core/Src/main.c:581:6:generate_food	16	static
../Core/Src/main.c:599:6:move_snake	16	static
../Core/Src/main.c:619:6:check_collision	24	static
../Core/Src/main.c:631:6:update_display	16	static
../Core/Src/main.c:642:6:handle_joystick_input	4	static
../Core/Src/main.c:671:9:USART_kbhit	4	static
../Core/Src/main.c:680:8:USART_getchar	16	static
../Core/Src/main.c:693:6:USART_fsend	248	static,ignoring_inline_asm
../Core/Src/main.c:726:6:HAL_UART_TxCpltCallback	24	static
../Core/Src/main.c:738:6:HAL_UART_RxCpltCallback	16	static
../Core/Src/main.c:748:10:calculate_crc	32	static
../Core/Src/main.c:764:10:ascii_to_uint16	24	static
../Core/Src/main.c:771:6:uint16_to_ascii_hex	16	static
../Core/Src/main.c:776:10:computeFrameCRC	312	static
../Core/Src/main.c:791:6:processCommand	24	static
../Core/Src/main.c:844:6:sendResponse	544	static
../Core/Src/main.c:879:6:sendErrorResponse	24	static
../Core/Src/main.c:887:6:handleFrame	424	static
../Core/Src/main.c:968:10:getFrame	24	static
../Core/Src/main.c:1094:6:Error_Handler	4	static,ignoring_inline_asm
