../Core/Src/main.c:161:5:main	6
../Core/Src/main.c:277:6:SystemClock_Config	4
../Core/Src/main.c:321:13:MX_ADC1_Init	4
../Core/Src/main.c:377:13:MX_TIM2_Init	4
../Core/Src/main.c:422:13:MX_TIM3_Init	6
../Core/Src/main.c:480:13:MX_USART2_UART_Init	2
../Core/Src/main.c:511:13:MX_DMA_Init	1
../Core/Src/main.c:529:13:MX_GPIO_Init	1
../Core/Src/main.c:581:6:generate_food	5
../Core/Src/main.c:599:6:move_snake	5
../Core/Src/main.c:619:6:check_collision	6
../Core/Src/main.c:631:6:update_display	2
../Core/Src/main.c:642:6:handle_joystick_input	9
../Core/Src/main.c:671:9:USART_kbhit	2
../Core/Src/main.c:680:8:USART_getchar	3
../Core/Src/main.c:693:6:USART_fsend	6
../Core/Src/main.c:726:6:HAL_UART_TxCpltCallback	4
../Core/Src/main.c:738:6:HAL_UART_RxCpltCallback	3
../Core/Src/main.c:748:10:calculate_crc	4
../Core/Src/main.c:764:10:ascii_to_uint16	1
../Core/Src/main.c:771:6:uint16_to_ascii_hex	1
../Core/Src/main.c:776:10:computeFrameCRC	3
../Core/Src/main.c:791:6:processCommand	10
../Core/Src/main.c:844:6:sendResponse	5
../Core/Src/main.c:879:6:sendErrorResponse	1
../Core/Src/main.c:887:6:handleFrame	8
../Core/Src/main.c:968:10:getFrame	17
../Core/Src/main.c:1094:6:Error_Handler	1
