../Core/Src/nokia5110_LCD.c:13:6:LCD_setRST	16	static
../Core/Src/nokia5110_LCD.c:18:6:LCD_setCE	16	static
../Core/Src/nokia5110_LCD.c:23:6:LCD_setDC	16	static
../Core/Src/nokia5110_LCD.c:27:6:LCD_setDIN	16	static
../Core/Src/nokia5110_LCD.c:32:6:LCD_setCLK	16	static
../Core/Src/nokia5110_LCD.c:43:6:LCD_send	24	static
../Core/Src/nokia5110_LCD.c:58:6:LCD_write	16	static
../Core/Src/nokia5110_LCD.c:76:6:LCD_init	8	static
../Core/Src/nokia5110_LCD.c:93:6:LCD_invert	16	static
../Core/Src/nokia5110_LCD.c:106:6:LCD_invertText	16	static
../Core/Src/nokia5110_LCD.c:119:6:LCD_putChar	24	static
../Core/Src/nokia5110_LCD.c:133:6:LCD_print	16	static
../Core/Src/nokia5110_LCD.c:143:6:LCD_clrScr	16	static
../Core/Src/nokia5110_LCD.c:155:6:LCD_goXY	16	static
../Core/Src/nokia5110_LCD.c:163:6:LCD_refreshScr	16	static
../Core/Src/nokia5110_LCD.c:179:6:LCD_refreshArea	32	static
../Core/Src/nokia5110_LCD.c:196:6:LCD_setPixel	16	static
../Core/Src/nokia5110_LCD.c:216:6:LCD_drawHLine	40	static
../Core/Src/nokia5110_LCD.c:234:6:LCD_drawVLine	32	static
../Core/Src/nokia5110_LCD.c:248:5:abs	16	static
../Core/Src/nokia5110_LCD.c:262:6:LCD_drawLine	80	static
../Core/Src/nokia5110_LCD.c:341:6:LCD_drawRectangle	24	static
